<html>
<body>
<pre>
<h1>礦ision Build Log</h1>
<h2>Project:</h2>
E:\16年下半年安排\第7周829-902\bootloader\mybootloader\git\library-version\lib_bootloader.uvproj
Project File Date:  10/20/2016

<h2>Output:</h2>
Build target 'lib_boot'
compiling main.c...
USER\main.c(22): warning:  #550-D: variable "res" was set but never used
USER\main.c:    unsigned int res = 0;
USER\main.c:                 ^
USER\main.c(23): warning:  #550-D: variable "data_seq" was set but never used
USER\main.c:    short data_seq,data_len;
USER\main.c:          ^
USER\main.c(23): warning:  #550-D: variable "data_len" was set but never used
USER\main.c:    short data_seq,data_len;
USER\main.c:                   ^
USER\main.c: USER\main.c: 3 warnings, 0 errors
compiling stm32f10x_crc.c...
linking...
Program Size: Code=10708 RO-data=268 RW-data=1080 ZI-data=11888  
FromELF: creating hex file...
User command #1: C:\Keil\ARM\BIN40\fromelf.exe --bin -o D:\aa.bin E:\16年下半年安排\第7周829-902\bootloader\mybootloader\git\library-version\output\lib_bootloader.axf
".\output\lib_bootloader.axf" - 0 Error(s), 3 Warning(s).
Build target 'lib_boot'
compiling main.c...
USER\main.c(22): warning:  #550-D: variable "res" was set but never used
USER\main.c:    unsigned int res = 0;
USER\main.c:                 ^
USER\main.c(23): warning:  #550-D: variable "data_seq" was set but never used
USER\main.c:    short data_seq,data_len;
USER\main.c:          ^
USER\main.c(23): warning:  #550-D: variable "data_len" was set but never used
USER\main.c:    short data_seq,data_len;
USER\main.c:                   ^
USER\main.c: USER\main.c: 3 warnings, 0 errors
linking...
Program Size: Code=13436 RO-data=280 RW-data=1092 ZI-data=12132  
FromELF: creating hex file...
User command #1: C:\Keil\ARM\BIN40\fromelf.exe --bin -o D:\aa.bin E:\16年下半年安排\第7周829-902\bootloader\mybootloader\git\library-version\output\lib_bootloader.axf
".\output\lib_bootloader.axf" - 0 Error(s), 3 Warning(s).
Build target 'lib_boot'
compiling main.c...
USER\main.c(22): warning:  #550-D: variable "res" was set but never used
USER\main.c:    unsigned int res = 0;
USER\main.c:                 ^
USER\main.c(23): warning:  #550-D: variable "data_seq" was set but never used
USER\main.c:    short data_seq,data_len;
USER\main.c:          ^
USER\main.c(23): warning:  #550-D: variable "data_len" was set but never used
USER\main.c:    short data_seq,data_len;
USER\main.c:                   ^
USER\main.c: USER\main.c: 3 warnings, 0 errors
linking...
Program Size: Code=10708 RO-data=268 RW-data=1080 ZI-data=11888  
FromELF: creating hex file...
User command #1: C:\Keil\ARM\BIN40\fromelf.exe --bin -o D:\aa.bin E:\16年下半年安排\第7周829-902\bootloader\mybootloader\git\library-version\output\lib_bootloader.axf
".\output\lib_bootloader.axf" - 0 Error(s), 3 Warning(s).
Build target 'lib_boot'
linking...
Program Size: Code=10708 RO-data=268 RW-data=1080 ZI-data=11888  
FromELF: creating hex file...
User command #1: C:\Keil\ARM\BIN40\fromelf.exe --bin -o D:\aa.bin E:\16年下半年安排\第7周829-902\bootloader\mybootloader\git\library-version\output\lib_bootloader.axf
".\output\lib_bootloader.axf" - 0 Error(s), 0 Warning(s).
Build target 'lib_boot'
compiling main.c...
USER\main.c(22): warning:  #550-D: variable "res" was set but never used
USER\main.c:    unsigned int res = 0;
USER\main.c:                 ^
USER\main.c(23): warning:  #550-D: variable "data_seq" was set but never used
USER\main.c:    short data_seq,data_len;
USER\main.c:          ^
USER\main.c(23): warning:  #550-D: variable "data_len" was set but never used
USER\main.c:    short data_seq,data_len;
USER\main.c:                   ^
USER\main.c: USER\main.c: 3 warnings, 0 errors
linking...
Program Size: Code=10716 RO-data=268 RW-data=1080 ZI-data=11888  
FromELF: creating hex file...
User command #1: C:\Keil\ARM\BIN40\fromelf.exe --bin -o D:\aa.bin E:\16年下半年安排\第7周829-902\bootloader\mybootloader\git\library-version\output\lib_bootloader.axf
".\output\lib_bootloader.axf" - 0 Error(s), 3 Warning(s).
Build target 'lib_boot'
linking...
Program Size: Code=10716 RO-data=268 RW-data=1080 ZI-data=11888  
FromELF: creating hex file...
User command #1: C:\Keil\ARM\BIN40\fromelf.exe --bin -o D:\aa.bin E:\16年下半年安排\第7周829-902\bootloader\mybootloader\git\library-version\output\lib_bootloader.axf
".\output\lib_bootloader.axf" - 0 Error(s), 0 Warning(s).
Clean started: Project: 'lib_bootloader'
   deleting intermediate output files for target 'lib_boot'
