<html>
<body>
<pre>
<h1>礦ision Build Log</h1>
<h2>Project:</h2>
E:\嵌入式\百度云同步盘\工作后\16年\10-12\16年第14周1016-1022\bootloader\library-version\lib_bootloader.uvproj
Project File Date:  10/21/2016

<h2>Output:</h2>
Build target 'lib_boot'
compiling main.c...
compiling stm32f10x_it.c...
compiling delay.c...
compiling queue_loop.c...
USER\queue_loop.c(37): warning:  #68-D: integer conversion resulted in a change of sign
USER\queue_loop.c(52): warning:  #68-D: integer conversion resulted in a change of sign
compiling BSP.c...
USER\BSP.c(122): warning:  #167-D: argument of type "unsigned char *" is incompatible with parameter of type "char *"
USER\BSP.c(154): warning:  #550-D: variable "status" was set but never used
USER\BSP.c(230): warning:  #177-D: variable "res" was declared but never referenced
compiling misc.c...
compiling stm32f10x_exti.c...
compiling stm32f10x_flash.c...
compiling stm32f10x_gpio.c...
compiling stm32f10x_rcc.c...
compiling stm32f10x_tim.c...
compiling stm32f10x_usart.c...
compiling core_cm3.c...
compiling system_stm32f10x.c...
assembling startup_stm32f10x_md.s...
linking...
Program Size: Code=10544 RO-data=268 RW-data=56 ZI-data=11888  
FromELF: creating hex file...
User command #1: D:\Keil\ARM\BIN40\fromelf.exe --bin -o E:\aa.bin E:\嵌入式\百度云同步盘\工作后\16年\10-12\16年第14周1016-1022\bootloader\library-version\output\lib_bootloader.axf
".\output\lib_bootloader.axf" - 0 Error(s), 5 Warning(s).
Build target 'lib_boot'
compiling main.c...
compiling BSP.c...
USER\BSP.c(122): warning:  #167-D: argument of type "unsigned char *" is incompatible with parameter of type "char *"
USER\BSP.c(154): warning:  #550-D: variable "status" was set but never used
USER\BSP.c(230): warning:  #177-D: variable "res" was declared but never referenced
linking...
Program Size: Code=10544 RO-data=268 RW-data=56 ZI-data=13936  
FromELF: creating hex file...
User command #1: D:\Keil\ARM\BIN40\fromelf.exe --bin -o E:\aa.bin E:\嵌入式\百度云同步盘\工作后\16年\10-12\16年第14周1016-1022\bootloader\library-version\output\lib_bootloader.axf
".\output\lib_bootloader.axf" - 0 Error(s), 3 Warning(s).
Build target 'lib_boot'
linking...
Program Size: Code=10544 RO-data=268 RW-data=56 ZI-data=13936  
FromELF: creating hex file...
User command #1: D:\Keil\ARM\BIN40\fromelf.exe --bin -o E:\aa.bin E:\嵌入式\百度云同步盘\工作后\16年\10-12\16年第14周1016-1022\bootloader\library-version\output\lib_bootloader.axf
".\output\lib_bootloader.axf" - 0 Error(s), 0 Warning(s).
Build target 'lib_boot'
compiling BSP.c...
USER\BSP.c(122): warning:  #167-D: argument of type "unsigned char *" is incompatible with parameter of type "char *"
USER\BSP.c(154): warning:  #550-D: variable "status" was set but never used
USER\BSP.c(230): warning:  #177-D: variable "res" was declared but never referenced
linking...
Program Size: Code=10608 RO-data=268 RW-data=6200 ZI-data=7792  
FromELF: creating hex file...
User command #1: D:\Keil\ARM\BIN40\fromelf.exe --bin -o E:\aa.bin E:\嵌入式\百度云同步盘\工作后\16年\10-12\16年第14周1016-1022\bootloader\library-version\output\lib_bootloader.axf
".\output\lib_bootloader.axf" - 0 Error(s), 3 Warning(s).
Load "E:\\嵌入式\\百度云同步盘\\工作后\\16年\\10-12\\16年第14周1016-1022\\bootloader\\library-version\\output\\lib_bootloader.AXF" 
* JLink Info: Device "STM32F103C8" selected (64 KB flash, 20 KB RAM).
Set JLink Project File to "E:\嵌入式\百度云同步盘\工作后\16年\10-12\16年第14周1016-1022\bootloader\library-version\JLinkSettings.ini"
 
JLink info:
------------
DLL: V4.36l, compiled Dec  2 2011 18:52:36
Firmware: J-Link ARM V8 compiled Jan 31 2018 18:34:52
Hardware: V8.00
S/N : 20080643 
Feature(s) : RDI,FlashDL,FlashBP,JFlash,GDBFull 
 
* JLink Info: Found SWD-DP with ID 0x1BA01477
* JLink Info: TPIU fitted.
* JLink Info:   FPUnit: 6 code (BP) slots and 2 literal slots
* JLink Info: Found Cortex-M3 r1p1, Little endian.
ROMTableAddr = 0xE00FF003
* JLink Info: Found SWD-DP with ID 0x1BA01477
* JLink Info: TPIU fitted.
* JLink Info:   FPUnit: 6 code (BP) slots and 2 literal slots
* JLink Info: Found Cortex-M3 r1p1, Little endian.
 
Target info:
------------
Device: STM32F103C8
VTarget = 3.313V
State of Pins: 
TCK: 0, TDI: 0, TDO: 0, TMS: 0, TRES: 1, TRST: 1
Hardware-Breakpoints: 6
Software-Breakpoints: 8192
Watchpoints:          4
JTAG speed: 2000 kHz
 
Erase Done.
Programming Done.
Verify OK.
* JLink Info: Found SWD-DP with ID 0x1BA01477
* JLink Info: TPIU fitted.
* JLink Info:   FPUnit: 6 code (BP) slots and 2 literal slots
* JLink Info: Found Cortex-M3 r1p1, Little endian.
Application running ...
Load "E:\\嵌入式\\百度云同步盘\\工作后\\16年\\10-12\\16年第14周1016-1022\\bootloader\\library-version\\output\\lib_bootloader.AXF" 
* JLink Info: Device "STM32F103C8" selected (64 KB flash, 20 KB RAM).
Set JLink Project File to "E:\嵌入式\百度云同步盘\工作后\16年\10-12\16年第14周1016-1022\bootloader\library-version\JLinkSettings.ini"
 
JLink info:
------------
DLL: V4.36l, compiled Dec  2 2011 18:52:36
Firmware: J-Link ARM V8 compiled Jan 31 2018 18:34:52
Hardware: V8.00
S/N : 20080643 
Feature(s) : RDI,FlashDL,FlashBP,JFlash,GDBFull 
 
* JLink Info: Found SWD-DP with ID 0x1BA01477
* JLink Info: TPIU fitted.
* JLink Info:   FPUnit: 6 code (BP) slots and 2 literal slots
* JLink Info: Found Cortex-M3 r1p1, Little endian.
ROMTableAddr = 0xE00FF003
* JLink Info: Found SWD-DP with ID 0x1BA01477
* JLink Info: TPIU fitted.
* JLink Info:   FPUnit: 6 code (BP) slots and 2 literal slots
* JLink Info: Found Cortex-M3 r1p1, Little endian.
 
Target info:
------------
Device: STM32F103C8
VTarget = 3.306V
State of Pins: 
TCK: 0, TDI: 0, TDO: 0, TMS: 0, TRES: 1, TRST: 1
Hardware-Breakpoints: 6
Software-Breakpoints: 8192
Watchpoints:          4
JTAG speed: 2000 kHz
 
Erase Done.
**JLink Warning: T-bit of XPSR is 0 but should be 1. Changed to 1.
***JLink Error: Communication timed out: Requested 80 bytes, received 0 bytes !
***JLink Error: Target system has no power.
***JLink Error: Could not read hardware status!
Cannot setup Breakpoint at Address
Programming Failed!
Load "E:\\嵌入式\\百度云同步盘\\工作后\\16年\\10-12\\16年第14周1016-1022\\bootloader\\library-version\\output\\lib_bootloader.AXF" 
* JLink Info: Device "STM32F103C8" selected (64 KB flash, 20 KB RAM).
Set JLink Project File to "E:\嵌入式\百度云同步盘\工作后\16年\10-12\16年第14周1016-1022\bootloader\library-version\JLinkSettings.ini"
 
JLink info:
------------
DLL: V4.36l, compiled Dec  2 2011 18:52:36
Firmware: J-Link ARM V8 compiled Jan 31 2018 18:34:52
Hardware: V8.00
S/N : 20080643 
Feature(s) : RDI,FlashDL,FlashBP,JFlash,GDBFull 
 
* JLink Info: Found SWD-DP with ID 0x1BA01477
* JLink Info: TPIU fitted.
* JLink Info:   FPUnit: 6 code (BP) slots and 2 literal slots
* JLink Info: Found Cortex-M3 r1p1, Little endian.
ROMTableAddr = 0xE00FF003
* JLink Info: Found SWD-DP with ID 0x1BA01477
* JLink Info: TPIU fitted.
* JLink Info:   FPUnit: 6 code (BP) slots and 2 literal slots
* JLink Info: Found Cortex-M3 r1p1, Little endian.
 
Target info:
------------
Device: STM32F103C8
VTarget = 3.306V
State of Pins: 
TCK: 0, TDI: 0, TDO: 0, TMS: 0, TRES: 1, TRST: 1
Hardware-Breakpoints: 6
Software-Breakpoints: 8192
Watchpoints:          4
JTAG speed: 2000 kHz
 
Erase Done.
Programming Done.
Verify OK.
* JLink Info: Found SWD-DP with ID 0x1BA01477
* JLink Info: TPIU fitted.
* JLink Info:   FPUnit: 6 code (BP) slots and 2 literal slots
* JLink Info: Found Cortex-M3 r1p1, Little endian.
Application running ...
Build target 'lib_boot'
linking...
Program Size: Code=10608 RO-data=268 RW-data=6200 ZI-data=7792  
FromELF: creating hex file...
User command #1: D:\Keil\ARM\BIN40\fromelf.exe --bin -o E:\aa.bin E:\嵌入式\百度云同步盘\工作后\16年\10-12\16年第14周1016-1022\bootloader\library-version\output\lib_bootloader.axf
".\output\lib_bootloader.axf" - 0 Error(s), 0 Warning(s).
Load "E:\\嵌入式\\百度云同步盘\\工作后\\16年\\10-12\\16年第14周1016-1022\\bootloader\\library-version\\output\\lib_bootloader.AXF" 
* JLink Info: Device "STM32F103C8" selected (64 KB flash, 20 KB RAM).
Set JLink Project File to "E:\嵌入式\百度云同步盘\工作后\16年\10-12\16年第14周1016-1022\bootloader\library-version\JLinkSettings.ini"
 
JLink info:
------------
DLL: V4.36l, compiled Dec  2 2011 18:52:36
Firmware: J-Link ARM V8 compiled Jan 31 2018 18:34:52
Hardware: V8.00
S/N : 20080643 
Feature(s) : RDI,FlashDL,FlashBP,JFlash,GDBFull 
 
* JLink Info: Found SWD-DP with ID 0x1BA01477
* JLink Info: TPIU fitted.
* JLink Info:   FPUnit: 6 code (BP) slots and 2 literal slots
* JLink Info: Found Cortex-M3 r1p1, Little endian.
ROMTableAddr = 0xE00FF003
* JLink Info: Found SWD-DP with ID 0x1BA01477
* JLink Info: TPIU fitted.
* JLink Info:   FPUnit: 6 code (BP) slots and 2 literal slots
* JLink Info: Found Cortex-M3 r1p1, Little endian.
 
Target info:
------------
Device: STM32F103C8
VTarget = 3.306V
State of Pins: 
TCK: 0, TDI: 0, TDO: 0, TMS: 0, TRES: 1, TRST: 1
Hardware-Breakpoints: 6
Software-Breakpoints: 8192
Watchpoints:          4
JTAG speed: 2000 kHz
 
Erase Done.
Programming Done.
Verify OK.
* JLink Info: Found SWD-DP with ID 0x1BA01477
* JLink Info: TPIU fitted.
* JLink Info:   FPUnit: 6 code (BP) slots and 2 literal slots
* JLink Info: Found Cortex-M3 r1p1, Little endian.
Application running ...
Build target 'lib_boot'
linking...
Program Size: Code=10608 RO-data=268 RW-data=6200 ZI-data=7792  
FromELF: creating hex file...
User command #1: D:\Keil\ARM\BIN40\fromelf.exe --bin -o E:\aa.bin E:\嵌入式\百度云同步盘\工作后\16年\10-12\16年第14周1016-1022\bootloader\library-version\output\lib_bootloader.axf
".\output\lib_bootloader.axf" - 0 Error(s), 0 Warning(s).
Load "E:\\嵌入式\\百度云同步盘\\工作后\\16年\\10-12\\16年第14周1016-1022\\bootloader\\library-version\\output\\lib_bootloader.AXF" 
* JLink Info: Device "STM32F103C8" selected (64 KB flash, 20 KB RAM).
Set JLink Project File to "E:\嵌入式\百度云同步盘\工作后\16年\10-12\16年第14周1016-1022\bootloader\library-version\JLinkSettings.ini"
 
JLink info:
------------
DLL: V4.36l, compiled Dec  2 2011 18:52:36
Firmware: J-Link ARM V8 compiled Jan 31 2018 18:34:52
Hardware: V8.00
S/N : 20080643 
Feature(s) : RDI,FlashDL,FlashBP,JFlash,GDBFull 
 
**JLink Warning: RESET (pin 15) high, but should be low. Please check target hardware.
***JLink Error: Supply voltage too low (1 Volt is required, Measured: 0.3 Volt).
Please check target power.
Load "E:\\嵌入式\\百度云同步盘\\工作后\\16年\\10-12\\16年第14周1016-1022\\bootloader\\library-version\\output\\lib_bootloader.AXF" 
* JLink Info: Device "STM32F103C8" selected (64 KB flash, 20 KB RAM).
Set JLink Project File to "E:\嵌入式\百度云同步盘\工作后\16年\10-12\16年第14周1016-1022\bootloader\library-version\JLinkSettings.ini"
 
JLink info:
------------
DLL: V4.36l, compiled Dec  2 2011 18:52:36
Firmware: J-Link ARM V8 compiled Jan 31 2018 18:34:52
Hardware: V8.00
S/N : 20080643 
Feature(s) : RDI,FlashDL,FlashBP,JFlash,GDBFull 
 
* JLink Info: Found SWD-DP with ID 0x1BA01477
* JLink Info: TPIU fitted.
* JLink Info:   FPUnit: 6 code (BP) slots and 2 literal slots
* JLink Info: Found Cortex-M3 r1p1, Little endian.
ROMTableAddr = 0xE00FF003
* JLink Info: Found SWD-DP with ID 0x1BA01477
* JLink Info: TPIU fitted.
* JLink Info:   FPUnit: 6 code (BP) slots and 2 literal slots
* JLink Info: Found Cortex-M3 r1p1, Little endian.
 
Target info:
------------
Device: STM32F103C8
VTarget = 3.313V
State of Pins: 
TCK: 0, TDI: 0, TDO: 0, TMS: 0, TRES: 1, TRST: 1
Hardware-Breakpoints: 6
Software-Breakpoints: 8192
Watchpoints:          4
JTAG speed: 2000 kHz
 
Erase Done.
Programming Done.
Verify OK.
* JLink Info: Found SWD-DP with ID 0x1BA01477
* JLink Info: TPIU fitted.
* JLink Info:   FPUnit: 6 code (BP) slots and 2 literal slots
* JLink Info: Found Cortex-M3 r1p1, Little endian.
Application running ...
Build target 'lib_boot'
linking...
Program Size: Code=10608 RO-data=268 RW-data=6200 ZI-data=7792  
FromELF: creating hex file...
User command #1: D:\Keil\ARM\BIN40\fromelf.exe --bin -o E:\aa.bin E:\嵌入式\百度云同步盘\工作后\16年\10-12\16年第14周1016-1022\bootloader\library-version\output\lib_bootloader.axf
".\output\lib_bootloader.axf" - 0 Error(s), 0 Warning(s).
Load "E:\\嵌入式\\百度云同步盘\\工作后\\16年\\10-12\\16年第14周1016-1022\\bootloader\\library-version\\output\\lib_bootloader.AXF" 
* JLink Info: Device "STM32F103C8" selected (64 KB flash, 20 KB RAM).
Set JLink Project File to "E:\嵌入式\百度云同步盘\工作后\16年\10-12\16年第14周1016-1022\bootloader\library-version\JLinkSettings.ini"
 
JLink info:
------------
DLL: V4.36l, compiled Dec  2 2011 18:52:36
Firmware: J-Link ARM V8 compiled Jan 31 2018 18:34:52
Hardware: V8.00
S/N : 20080643 
Feature(s) : RDI,FlashDL,FlashBP,JFlash,GDBFull 
 
* JLink Info: Found SWD-DP with ID 0x1BA01477
* JLink Info: TPIU fitted.
* JLink Info:   FPUnit: 6 code (BP) slots and 2 literal slots
* JLink Info: Found Cortex-M3 r1p1, Little endian.
ROMTableAddr = 0xE00FF003
* JLink Info: Found SWD-DP with ID 0x1BA01477
* JLink Info: TPIU fitted.
* JLink Info:   FPUnit: 6 code (BP) slots and 2 literal slots
* JLink Info: Found Cortex-M3 r1p1, Little endian.
 
Target info:
------------
Device: STM32F103C8
VTarget = 3.313V
State of Pins: 
TCK: 0, TDI: 0, TDO: 0, TMS: 0, TRES: 1, TRST: 1
Hardware-Breakpoints: 6
Software-Breakpoints: 8192
Watchpoints:          4
JTAG speed: 2000 kHz
 
Erase Done.
Programming Done.
Verify OK.
* JLink Info: Found SWD-DP with ID 0x1BA01477
* JLink Info: TPIU fitted.
* JLink Info:   FPUnit: 6 code (BP) slots and 2 literal slots
* JLink Info: Found Cortex-M3 r1p1, Little endian.
Application running ...
Build target 'lib_boot'
linking...
Program Size: Code=10608 RO-data=268 RW-data=6200 ZI-data=7792  
FromELF: creating hex file...
User command #1: D:\Keil\ARM\BIN40\fromelf.exe --bin -o E:\aa.bin E:\嵌入式\百度云同步盘\工作后\16年\10-12\16年第14周1016-1022\bootloader\library-version\output\lib_bootloader.axf
".\output\lib_bootloader.axf" - 0 Error(s), 0 Warning(s).
Load "E:\\嵌入式\\百度云同步盘\\工作后\\16年\\10-12\\16年第14周1016-1022\\bootloader\\library-version\\output\\lib_bootloader.AXF" 
* JLink Info: Device "STM32F103C8" selected (64 KB flash, 20 KB RAM).
Set JLink Project File to "E:\嵌入式\百度云同步盘\工作后\16年\10-12\16年第14周1016-1022\bootloader\library-version\JLinkSettings.ini"
 
JLink info:
------------
DLL: V4.36l, compiled Dec  2 2011 18:52:36
Firmware: J-Link ARM V8 compiled Jan 31 2018 18:34:52
Hardware: V8.00
S/N : 20080643 
Feature(s) : RDI,FlashDL,FlashBP,JFlash,GDBFull 
 
* JLink Info: Found SWD-DP with ID 0x1BA01477
* JLink Info: TPIU fitted.
* JLink Info:   FPUnit: 6 code (BP) slots and 2 literal slots
* JLink Info: Found Cortex-M3 r1p1, Little endian.
ROMTableAddr = 0xE00FF003
* JLink Info: Found SWD-DP with ID 0x1BA01477
* JLink Info: TPIU fitted.
* JLink Info:   FPUnit: 6 code (BP) slots and 2 literal slots
* JLink Info: Found Cortex-M3 r1p1, Little endian.
 
Target info:
------------
Device: STM32F103C8
VTarget = 3.313V
State of Pins: 
TCK: 0, TDI: 0, TDO: 0, TMS: 0, TRES: 1, TRST: 1
Hardware-Breakpoints: 6
Software-Breakpoints: 8192
Watchpoints:          4
JTAG speed: 2000 kHz
 
Erase Done.
Programming Done.
Verify OK.
* JLink Info: Found SWD-DP with ID 0x1BA01477
* JLink Info: TPIU fitted.
* JLink Info:   FPUnit: 6 code (BP) slots and 2 literal slots
* JLink Info: Found Cortex-M3 r1p1, Little endian.
Application running ...
Build target 'lib_boot'
linking...
Program Size: Code=10608 RO-data=268 RW-data=6200 ZI-data=7792  
FromELF: creating hex file...
User command #1: D:\Keil\ARM\BIN40\fromelf.exe --bin -o E:\aa.bin E:\嵌入式\百度云同步盘\工作后\16年\10-12\16年第14周1016-1022\bootloader\library-version\output\lib_bootloader.axf
".\output\lib_bootloader.axf" - 0 Error(s), 0 Warning(s).
Load "E:\\嵌入式\\百度云同步盘\\工作后\\16年\\10-12\\16年第14周1016-1022\\bootloader\\library-version\\output\\lib_bootloader.AXF" 
* JLink Info: Device "STM32F103C8" selected (64 KB flash, 20 KB RAM).
Set JLink Project File to "E:\嵌入式\百度云同步盘\工作后\16年\10-12\16年第14周1016-1022\bootloader\library-version\JLinkSettings.ini"
 
JLink info:
------------
DLL: V4.36l, compiled Dec  2 2011 18:52:36
Firmware: J-Link ARM V8 compiled Jan 31 2018 18:34:52
Hardware: V8.00
S/N : 20080643 
Feature(s) : RDI,FlashDL,FlashBP,JFlash,GDBFull 
 
* JLink Info: Found SWD-DP with ID 0x1BA01477
* JLink Info: TPIU fitted.
* JLink Info:   FPUnit: 6 code (BP) slots and 2 literal slots
* JLink Info: Found Cortex-M3 r1p1, Little endian.
ROMTableAddr = 0xE00FF003
* JLink Info: Found SWD-DP with ID 0x1BA01477
* JLink Info: TPIU fitted.
* JLink Info:   FPUnit: 6 code (BP) slots and 2 literal slots
* JLink Info: Found Cortex-M3 r1p1, Little endian.
 
Target info:
------------
Device: STM32F103C8
VTarget = 3.313V
State of Pins: 
TCK: 0, TDI: 0, TDO: 0, TMS: 0, TRES: 1, TRST: 1
Hardware-Breakpoints: 6
Software-Breakpoints: 8192
Watchpoints:          4
JTAG speed: 2000 kHz
 
Erase Done.
Programming Done.
Verify OK.
* JLink Info: Found SWD-DP with ID 0x1BA01477
* JLink Info: TPIU fitted.
* JLink Info:   FPUnit: 6 code (BP) slots and 2 literal slots
* JLink Info: Found Cortex-M3 r1p1, Little endian.
Application running ...
Load "E:\\嵌入式\\百度云同步盘\\工作后\\16年\\10-12\\16年第14周1016-1022\\bootloader\\library-version\\output\\lib_bootloader.AXF" 
* JLink Info: Device "STM32F103C8" selected (64 KB flash, 20 KB RAM).
Set JLink Project File to "E:\嵌入式\百度云同步盘\工作后\16年\10-12\16年第14周1016-1022\bootloader\library-version\JLinkSettings.ini"
 
JLink info:
------------
DLL: V4.36l, compiled Dec  2 2011 18:52:36
Firmware: J-Link ARM V8 compiled Jan 31 2018 18:34:52
Hardware: V8.00
S/N : 20080643 
Feature(s) : RDI,FlashDL,FlashBP,JFlash,GDBFull 
 
* JLink Info: Found SWD-DP with ID 0x1BA01477
* JLink Info: TPIU fitted.
* JLink Info:   FPUnit: 6 code (BP) slots and 2 literal slots
* JLink Info: Found Cortex-M3 r1p1, Little endian.
ROMTableAddr = 0xE00FF003
* JLink Info: Found SWD-DP with ID 0x1BA01477
* JLink Info: TPIU fitted.
* JLink Info:   FPUnit: 6 code (BP) slots and 2 literal slots
* JLink Info: Found Cortex-M3 r1p1, Little endian.
 
Target info:
------------
Device: STM32F103C8
VTarget = 3.313V
State of Pins: 
TCK: 0, TDI: 0, TDO: 0, TMS: 0, TRES: 1, TRST: 1
Hardware-Breakpoints: 6
Software-Breakpoints: 8192
Watchpoints:          4
JTAG speed: 2000 kHz
 
Erase Done.
Programming Done.
Verify OK.
* JLink Info: Found SWD-DP with ID 0x1BA01477
* JLink Info: TPIU fitted.
* JLink Info:   FPUnit: 6 code (BP) slots and 2 literal slots
* JLink Info: Found Cortex-M3 r1p1, Little endian.
Application running ...
Build target 'lib_boot'
compiling main.c...
linking...
Program Size: Code=10608 RO-data=268 RW-data=6200 ZI-data=7792  
FromELF: creating hex file...
User command #1: D:\Keil\ARM\BIN40\fromelf.exe --bin -o E:\aa.bin E:\嵌入式\百度云同步盘\工作后\16年\10-12\16年第14周1016-1022\bootloader\library-version\output\lib_bootloader.axf
".\output\lib_bootloader.axf" - 0 Error(s), 0 Warning(s).
