<html>
<body>
<pre>
<h1>礦ision Build Log</h1>
<h2>Project:</h2>
E:\16年下半年安排\第7周829-902\bootloader\mybootloader\library-version\lib_bootloader.uvproj
Project File Date:  09/18/2016

<h2>Output:</h2>
Clean started: Project: 'lib_bootloader'
   deleting intermediate output files for target 'lib_boot'
Build target 'lib_boot'
compiling main.c...
compiling stm32f10x_it.c...
compiling delay.c...
compiling misc.c...
compiling stm32f10x_adc.c...
compiling stm32f10x_bkp.c...
compiling stm32f10x_can.c...
compiling stm32f10x_cec.c...
compiling stm32f10x_crc.c...
compiling stm32f10x_dac.c...
compiling stm32f10x_dbgmcu.c...
compiling stm32f10x_dma.c...
compiling stm32f10x_exti.c...
compiling stm32f10x_flash.c...
compiling stm32f10x_fsmc.c...
compiling stm32f10x_gpio.c...
compiling stm32f10x_i2c.c...
compiling stm32f10x_iwdg.c...
compiling stm32f10x_pwr.c...
compiling stm32f10x_rcc.c...
compiling stm32f10x_rtc.c...
compiling stm32f10x_sdio.c...
compiling stm32f10x_spi.c...
compiling stm32f10x_tim.c...
compiling stm32f10x_usart.c...
compiling stm32f10x_wwdg.c...
compiling core_cm3.c...
compiling system_stm32f10x.c...
assembling startup_stm32f10x_md.s...
linking...
Program Size: Code=5636 RO-data=268 RW-data=44 ZI-data=1636  
".\output\lib_bootloader.axf" - 0 Error(s), 0 Warning(s).
